I, [2015-12-07T01:57:34.368426 #22825]  INFO -- :   Parameters: {"movieID"=>"46"}
D, [2015-12-07T01:57:34.370256 #22825] DEBUG -- :   [1m[35mMovies Load (0.4ms)[0m  SELECT  "movies".* FROM "movies" WHERE "movies"."movieid" = $1 LIMIT 1  [["movieid", 46]]
I, [2015-12-07T01:57:34.371662 #22825]  INFO -- :   Rendered movies/show.html.erb within layouts/application (0.6ms)
I, [2015-12-07T01:57:34.373302 #22825]  INFO -- : Completed 200 OK in 5ms (Views: 2.3ms | ActiveRecord: 0.4ms)
I, [2015-12-07T01:57:36.718291 #22825]  INFO -- : Started PATCH "/movies/46" for 10.0.2.2 at 2015-12-07 01:57:36 +0000
I, [2015-12-07T01:57:36.720186 #22825]  INFO -- : Processing by MoviesController#update as JSON
I, [2015-12-07T01:57:36.720351 #22825]  INFO -- :   Parameters: {"vote"=>"1", "movieID"=>"46"}
D, [2015-12-07T01:57:36.721962 #22825] DEBUG -- :   [1m[36mMovies Load (0.3ms)[0m  [1mSELECT  "movies".* FROM "movies" WHERE "movies"."movieid" = $1 LIMIT 1[0m  [["movieid", 46]]
D, [2015-12-07T01:57:36.723615 #22825] DEBUG -- :   [1m[35m (0.2ms)[0m  BEGIN
D, [2015-12-07T01:57:36.725077 #22825] DEBUG -- :   [1m[36mSQL (0.3ms)[0m  [1mUPDATE "movies" SET "rating" = $1 WHERE "movies"."movieid" = $2[0m  [["rating", 1], ["movieid", 46]]
D, [2015-12-07T01:57:36.726629 #22825] DEBUG -- :   [1m[35m (0.8ms)[0m  COMMIT
I, [2015-12-07T01:57:36.727667 #22825]  INFO -- : Completed 200 OK in 7ms (Views: 0.6ms | ActiveRecord: 1.5ms)
I, [2015-12-07T01:57:36.740231 #22825]  INFO -- : Started GET "/movies/46" for 10.0.2.2 at 2015-12-07 01:57:36 +0000
I, [2015-12-07T01:57:36.742714 #22825]  INFO -- : Processing by MoviesController#show as HTML
I, [2015-12-07T01:57:36.743102 #22825]  INFO -- :   Parameters: {"movieID"=>"46"}
D, [2015-12-07T01:57:36.745606 #22825] DEBUG -- :   [1m[36mMovies Load (0.8ms)[0m  [1mSELECT  "movies".* FROM "movies" WHERE "movies"."movieid" = $1 LIMIT 1[0m  [["movieid", 46]]
I, [2015-12-07T01:57:36.747513 #22825]  INFO -- :   Rendered movies/show.html.erb within layouts/application (0.7ms)
I, [2015-12-07T01:57:36.749298 #22825]  INFO -- : Completed 200 OK in 6ms (Views: 2.8ms | ActiveRecord: 0.8ms)
I, [2015-12-07T01:57:37.667962 #22825]  INFO -- : Started PATCH "/movies/46" for 10.0.2.2 at 2015-12-07 01:57:37 +0000
I, [2015-12-07T01:57:37.669642 #22825]  INFO -- : Processing by MoviesController#update as JSON
I, [2015-12-07T01:57:37.669918 #22825]  INFO -- :   Parameters: {"vote"=>"-1", "movieID"=>"46"}
D, [2015-12-07T01:57:37.671804 #22825] DEBUG -- :   [1m[35mMovies Load (0.6ms)[0m  SELECT  "movies".* FROM "movies" WHERE "movies"."movieid" = $1 LIMIT 1  [["movieid", 46]]
D, [2015-12-07T01:57:37.673631 #22825] DEBUG -- :   [1m[36m (0.2ms)[0m  [1mBEGIN[0m
D, [2015-12-07T01:57:37.674949 #22825] DEBUG -- :   [1m[35mSQL (0.3ms)[0m  UPDATE "movies" SET "rating" = $1 WHERE "movies"."movieid" = $2  [["rating", 0], ["movieid", 46]]
D, [2015-12-07T01:57:37.675860 #22825] DEBUG -- :   [1m[36m (0.7ms)[0m  [1mCOMMIT[0m
I, [2015-12-07T01:57:37.676286 #22825]  INFO -- : Completed 200 OK in 6ms (Views: 0.5ms | ActiveRecord: 1.8ms)
I, [2015-12-07T01:57:37.692533 #22825]  INFO -- : Started GET "/movies/46" for 10.0.2.2 at 2015-12-07 01:57:37 +0000
I, [2015-12-07T01:57:37.693952 #22825]  INFO -- : Processing by MoviesController#show as HTML
I, [2015-12-07T01:57:37.694185 #22825]  INFO -- :   Parameters: {"movieID"=>"46"}
D, [2015-12-07T01:57:37.695404 #22825] DEBUG -- :   [1m[35mMovies Load (0.5ms)[0m  SELECT  "movies".* FROM "movies" WHERE "movies"."movieid" = $1 LIMIT 1  [["movieid", 46]]
I, [2015-12-07T01:57:37.697503 #22825]  INFO -- :   Rendered movies/show.html.erb within layouts/application (1.1ms)
I, [2015-12-07T01:57:37.700407 #22825]  INFO -- : Completed 200 OK in 6ms (Views: 4.1ms | ActiveRecord: 0.5ms)
I, [2015-12-07T01:57:38.390814 #22825]  INFO -- : Started PATCH "/movies/46" for 10.0.2.2 at 2015-12-07 01:57:38 +0000
I, [2015-12-07T01:57:38.394509 #22825]  INFO -- : Processing by MoviesController#update as JSON
I, [2015-12-07T01:57:38.395160 #22825]  INFO -- :   Parameters: {"vote"=>"-1", "movieID"=>"46"}
D, [2015-12-07T01:57:38.398216 #22825] DEBUG -- :   [1m[36mMovies Load (0.5ms)[0m  [1mSELECT  "movies".* FROM "movies" WHERE "movies"."movieid" = $1 LIMIT 1[0m  [["movieid", 46]]
D, [2015-12-07T01:57:38.399608 #22825] DEBUG -- :   [1m[35m (0.2ms)[0m  BEGIN
D, [2015-12-07T01:57:38.401144 #22825] DEBUG -- :   [1m[36mSQL (0.5ms)[0m  [1mUPDATE "movies" SET "rating" = $1 WHERE "movies"."movieid" = $2[0m  [["rating", -1], ["movieid", 46]]
D, [2015-12-07T01:57:38.403307 #22825] DEBUG -- :   [1m[35m (1.4ms)[0m  COMMIT
I, [2015-12-07T01:57:38.404075 #22825]  INFO -- : Completed 200 OK in 8ms (Views: 0.4ms | ActiveRecord: 2.5ms)
I, [2015-12-07T01:57:38.463819 #22825]  INFO -- : Started GET "/movies/46" for 10.0.2.2 at 2015-12-07 01:57:38 +0000
I, [2015-12-07T01:57:38.466186 #22825]  INFO -- : Processing by MoviesController#show as HTML
I, [2015-12-07T01:57:38.466460 #22825]  INFO -- :   Parameters: {"movieID"=>"46"}
D, [2015-12-07T01:57:38.468432 #22825] DEBUG -- :   [1m[36mMovies Load (0.4ms)[0m  [1mSELECT  "movies".* FROM "movies" WHERE "movies"."movieid" = $1 LIMIT 1[0m  [["movieid", 46]]
I, [2015-12-07T01:57:38.472848 #22825]  INFO -- :   Rendered movies/show.html.erb within layouts/application (2.0ms)
I, [2015-12-07T01:57:38.476436 #22825]  INFO -- : Completed 200 OK in 10ms (Views: 6.6ms | ActiveRecord: 0.4ms)
I, [2015-12-07T01:57:39.300788 #22825]  INFO -- : Started PATCH "/movies/46" for 10.0.2.2 at 2015-12-07 01:57:39 +0000
I, [2015-12-07T01:57:39.303758 #22825]  INFO -- : Processing by MoviesController#update as JSON
I, [2015-12-07T01:57:39.304285 #22825]  INFO -- :   Parameters: {"vote"=>"1", "movieID"=>"46"}
D, [2015-12-07T01:57:39.308236 #22825] DEBUG -- :   [1m[35mMovies Load (0.7ms)[0m  SELECT  "movies".* FROM "movies" WHERE "movies"."movieid" = $1 LIMIT 1  [["movieid", 46]]
D, [2015-12-07T01:57:39.310026 #22825] DEBUG -- :   [1m[36m (0.2ms)[0m  [1mBEGIN[0m
D, [2015-12-07T01:57:39.312935 #22825] DEBUG -- :   [1m[35mSQL (0.8ms)[0m  UPDATE "movies" SET "rating" = $1 WHERE "movies"."movieid" = $2  [["rating", 0], ["movieid", 46]]
D, [2015-12-07T01:57:39.314947 #22825] DEBUG -- :   [1m[36m (0.9ms)[0m  [1mCOMMIT[0m
I, [2015-12-07T01:57:39.315499 #22825]  INFO -- : Completed 200 OK in 11ms (Views: 0.4ms | ActiveRecord: 2.7ms)
I, [2015-12-07T01:57:39.326932 #22825]  INFO -- : Started GET "/movies/46" for 10.0.2.2 at 2015-12-07 01:57:39 +0000
I, [2015-12-07T01:57:39.328491 #22825]  INFO -- : Processing by MoviesController#show as HTML
I, [2015-12-07T01:57:39.328814 #22825]  INFO -- :   Parameters: {"movieID"=>"46"}
D, [2015-12-07T01:57:39.330551 #22825] DEBUG -- :   [1m[35mMovies Load (0.5ms)[0m  SELECT  "movies".* FROM "movies" WHERE "movies"."movieid" = $1 LIMIT 1  [["movieid", 46]]
I, [2015-12-07T01:57:39.333264 #22825]  INFO -- :   Rendered movies/show.html.erb within layouts/application (0.9ms)
I, [2015-12-07T01:57:39.334673 #22825]  INFO -- : Completed 200 OK in 6ms (Views: 2.7ms | ActiveRecord: 0.5ms)
I, [2015-12-07T01:57:39.979551 #22825]  INFO -- : Started PATCH "/movies/46" for 10.0.2.2 at 2015-12-07 01:57:39 +0000
I, [2015-12-07T01:57:39.981447 #22825]  INFO -- : Processing by MoviesController#update as JSON
I, [2015-12-07T01:57:39.981775 #22825]  INFO -- :   Parameters: {"vote"=>"1", "movieID"=>"46"}
D, [2015-12-07T01:57:39.983979 #22825] DEBUG -- :   [1m[36mMovies Load (0.4ms)[0m  [1mSELECT  "movies".* FROM "movies" WHERE "movies"."movieid" = $1 LIMIT 1[0m  [["movieid", 46]]
D, [2015-12-07T01:57:39.986283 #22825] DEBUG -- :   [1m[35m (0.2ms)[0m  BEGIN
D, [2015-12-07T01:57:39.988435 #22825] DEBUG -- :   [1m[36mSQL (0.5ms)[0m  [1mUPDATE "movies" SET "rating" = $1 WHERE "movies"."movieid" = $2[0m  [["rating", 1], ["movieid", 46]]
D, [2015-12-07T01:57:39.990387 #22825] DEBUG -- :   [1m[35m (1.0ms)[0m  COMMIT
I, [2015-12-07T01:57:39.990885 #22825]  INFO -- : Completed 200 OK in 9ms (Views: 0.6ms | ActiveRecord: 2.2ms)
I, [2015-12-07T01:57:40.007571 #22825]  INFO -- : Started GET "/movies/46" for 10.0.2.2 at 2015-12-07 01:57:40 +0000
I, [2015-12-07T01:57:40.009074 #22825]  INFO -- : Processing by MoviesController#show as HTML
I, [2015-12-07T01:57:40.009302 #22825]  INFO -- :   Parameters: {"movieID"=>"46"}
D, [2015-12-07T01:57:40.010412 #22825] DEBUG -- :   [1m[36mMovies Load (0.3ms)[0m  [1mSELECT  "movies".* FROM "movies" WHERE "movies"."movieid" = $1 LIMIT 1[0m  [["movieid", 46]]
I, [2015-12-07T01:57:40.013423 #22825]  INFO -- :   Rendered movies/show.html.erb within layouts/application (1.4ms)
I, [2015-12-07T01:57:40.014930 #22825]  INFO -- : Completed 200 OK in 5ms (Views: 3.7ms | ActiveRecord: 0.3ms)
I, [2015-12-07T01:57:40.801736 #22825]  INFO -- : Started PATCH "/movies/46" for 10.0.2.2 at 2015-12-07 01:57:40 +0000
I, [2015-12-07T01:57:40.805556 #22825]  INFO -- : Processing by MoviesController#update as JSON
I, [2015-12-07T01:57:40.805851 #22825]  INFO -- :   Parameters: {"vote"=>"-1", "movieID"=>"46"}
D, [2015-12-07T01:57:40.807748 #22825] DEBUG -- :   [1m[35mMovies Load (0.4ms)[0m  SELECT  "movies".* FROM "movies" WHERE "movies"."movieid" = $1 LIMIT 1  [["movieid", 46]]
D, [2015-12-07T01:57:40.809255 #22825] DEBUG -- :   [1m[36m (0.2ms)[0m  [1mBEGIN[0m
D, [2015-12-07T01:57:40.810841 #22825] DEBUG -- :   [1m[35mSQL (0.3ms)[0m  UPDATE "movies" SET "rating" = $1 WHERE "movies"."movieid" = $2  [["rating", 0], ["movieid", 46]]
D, [2015-12-07T01:57:40.813197 #22825] DEBUG -- :   [1m[36m (0.8ms)[0m  [1mCOMMIT[0m
I, [2015-12-07T01:57:40.813766 #22825]  INFO -- : Completed 200 OK in 8ms (Views: 0.4ms | ActiveRecord: 1.8ms)
I, [2015-12-07T01:57:40.828235 #22825]  INFO -- : Started GET "/movies/46" for 10.0.2.2 at 2015-12-07 01:57:40 +0000
I, [2015-12-07T01:57:40.829632 #22825]  INFO -- : Processing by MoviesController#show as HTML
I, [2015-12-07T01:57:40.829829 #22825]  INFO -- :   Parameters: {"movieID"=>"46"}
D, [2015-12-07T01:57:40.831138 #22825] DEBUG -- :   [1m[35mMovies Load (0.3ms)[0m  SELECT  "movies".* FROM "movies" WHERE "movies"."movieid" = $1 LIMIT 1  [["movieid", 46]]
I, [2015-12-07T01:57:40.832835 #22825]  INFO -- :   Rendered movies/show.html.erb within layouts/application (0.5ms)
I, [2015-12-07T01:57:40.834109 #22825]  INFO -- : Completed 200 OK in 4ms (Views: 2.3ms | ActiveRecord: 0.3ms)
I, [2015-12-07T01:57:42.745759 #22825]  INFO -- : Started GET "/" for 10.0.2.2 at 2015-12-07 01:57:42 +0000
I, [2015-12-07T01:57:42.747324 #22825]  INFO -- : Processing by MainController#index as HTML
D, [2015-12-07T01:57:42.749739 #22825] DEBUG -- :   [1m[36mMovies Load (0.8ms)[0m  [1mSELECT  "movies".* FROM "movies" WHERE (genre like '%Action%')  ORDER BY rating LIMIT 3[0m
D, [2015-12-07T01:57:42.751648 #22825] DEBUG -- :   [1m[35mMovies Load (0.6ms)[0m  SELECT  "movies".* FROM "movies" WHERE (genre like '%Comedy%')  ORDER BY rating LIMIT 3
D, [2015-12-07T01:57:42.753205 #22825] DEBUG -- :   [1m[36mMovies Load (0.5ms)[0m  [1mSELECT  "movies".* FROM "movies" WHERE (genre like '%Animation%')  ORDER BY rating LIMIT 3[0m
D, [2015-12-07T01:57:42.754522 #22825] DEBUG -- :   [1m[35mMovies Load (0.5ms)[0m  SELECT  "movies".* FROM "movies" WHERE (genre like '%Romance%')  ORDER BY rating LIMIT 3
D, [2015-12-07T01:57:42.755261 #22825] DEBUG -- :   [1m[36mMovies Load (0.3ms)[0m  [1mSELECT  "movies".* FROM "movies"  ORDER BY rating LIMIT 5[0m
I, [2015-12-07T01:57:42.758181 #22825]  INFO -- :   Rendered main/index.html.erb within layouts/application (2.2ms)
I, [2015-12-07T01:57:42.759201 #22825]  INFO -- : Completed 200 OK in 12ms (Views: 3.5ms | ActiveRecord: 2.7ms)
I, [2015-12-07T01:57:46.887142 #22825]  INFO -- : Started GET "/movies/22" for 10.0.2.2 at 2015-12-07 01:57:46 +0000
I, [2015-12-07T01:57:46.889855 #22825]  INFO -- : Processing by MoviesController#show as HTML
I, [2015-12-07T01:57:46.890369 #22825]  INFO -- :   Parameters: {"movieID"=>"22"}
D, [2015-12-07T01:57:46.893002 #22825] DEBUG -- :   [1m[35mMovies Load (1.0ms)[0m  SELECT  "movies".* FROM "movies" WHERE "movies"."movieid" = $1 LIMIT 1  [["movieid", 22]]
I, [2015-12-07T01:57:46.897478 #22825]  INFO -- :   Rendered movies/show.html.erb within layouts/application (1.7ms)
I, [2015-12-07T01:57:46.899914 #22825]  INFO -- : Completed 200 OK in 9ms (Views: 5.2ms | ActiveRecord: 1.0ms)
I, [2015-12-07T01:57:48.752245 #22825]  INFO -- : Started PATCH "/movies/46" for 10.0.2.2 at 2015-12-07 01:57:48 +0000
I, [2015-12-07T01:57:48.755569 #22825]  INFO -- : Processing by MoviesController#update as JSON
I, [2015-12-07T01:57:48.755877 #22825]  INFO -- :   Parameters: {"vote"=>"1", "movieID"=>"46"}
D, [2015-12-07T01:57:48.757285 #22825] DEBUG -- :   [1m[36mMovies Load (0.4ms)[0m  [1mSELECT  "movies".* FROM "movies" WHERE "movies"."movieid" = $1 LIMIT 1[0m  [["movieid", 46]]
D, [2015-12-07T01:57:48.759156 #22825] DEBUG -- :   [1m[35m (0.3ms)[0m  BEGIN
D, [2015-12-07T01:57:48.760817 #22825] DEBUG -- :   [1m[36mSQL (0.5ms)[0m  [1mUPDATE "movies" SET "rating" = $1 WHERE "movies"."movieid" = $2[0m  [["rating", 1], ["movieid", 46]]
D, [2015-12-07T01:57:48.762559 #22825] DEBUG -- :   [1m[35m (0.7ms)[0m  COMMIT
I, [2015-12-07T01:57:48.764295 #22805]  INFO -- : Started PATCH "/movies/22" for 10.0.2.2 at 2015-12-07 01:57:48 +0000
I, [2015-12-07T01:57:48.764522 #22825]  INFO -- : Completed 200 OK in 7ms (Views: 0.4ms | ActiveRecord: 1.9ms)
I, [2015-12-07T01:57:48.766331 #22805]  INFO -- : Processing by MoviesController#update as JSON
I, [2015-12-07T01:57:48.767401 #22805]  INFO -- :   Parameters: {"vote"=>"1", "movieID"=>"22"}
D, [2015-12-07T01:57:48.769524 #22805] DEBUG -- :   [1m[35mMovies Load (0.7ms)[0m  SELECT  "movies".* FROM "movies" WHERE "movies"."movieid" = $1 LIMIT 1  [["movieid", 22]]
D, [2015-12-07T01:57:48.771434 #22805] DEBUG -- :   [1m[36m (0.2ms)[0m  [1mBEGIN[0m
D, [2015-12-07T01:57:48.772865 #22805] DEBUG -- :   [1m[35mSQL (0.5ms)[0m  UPDATE "movies" SET "rating" = $1 WHERE "movies"."movieid" = $2  [["rating", 1], ["movieid", 22]]
D, [2015-12-07T01:57:48.774443 #22805] DEBUG -- :   [1m[36m (0.8ms)[0m  [1mCOMMIT[0m
I, [2015-12-07T01:57:48.775013 #22805]  INFO -- : Completed 200 OK in 7ms (Views: 0.5ms | ActiveRecord: 2.2ms)
I, [2015-12-07T01:57:48.779857 #22825]  INFO -- : Started GET "/movies/46" for 10.0.2.2 at 2015-12-07 01:57:48 +0000
I, [2015-12-07T01:57:48.781047 #22825]  INFO -- : Processing by MoviesController#show as HTML
I, [2015-12-07T01:57:48.781246 #22825]  INFO -- :   Parameters: {"movieID"=>"46"}
D, [2015-12-07T01:57:48.782931 #22825] DEBUG -- :   [1m[36mMovies Load (0.5ms)[0m  [1mSELECT  "movies".* FROM "movies" WHERE "movies"."movieid" = $1 LIMIT 1[0m  [["movieid", 46]]
I, [2015-12-07T01:57:48.788411 #22825]  INFO -- :   Rendered movies/show.html.erb within layouts/application (1.0ms)
I, [2015-12-07T01:57:48.790627 #22805]  INFO -- : Started GET "/movies/22" for 10.0.2.2 at 2015-12-07 01:57:48 +0000
I, [2015-12-07T01:57:48.791327 #22825]  INFO -- : Completed 200 OK in 10ms (Views: 7.1ms | ActiveRecord: 0.5ms)
I, [2015-12-07T01:57:48.792340 #22805]  INFO -- : Processing by MoviesController#show as HTML
I, [2015-12-07T01:57:48.793126 #22805]  INFO -- :   Parameters: {"movieID"=>"22"}
D, [2015-12-07T01:57:48.794255 #22805] DEBUG -- :   [1m[35mMovies Load (0.3ms)[0m  SELECT  "movies".* FROM "movies" WHERE "movies"."movieid" = $1 LIMIT 1  [["movieid", 22]]
I, [2015-12-07T01:57:48.796999 #22805]  INFO -- :   Rendered movies/show.html.erb within layouts/application (0.5ms)
I, [2015-12-07T01:57:48.798635 #22805]  INFO -- : Completed 200 OK in 5ms (Views: 2.3ms | ActiveRecord: 0.3ms)
I, [2015-12-07T02:00:42.983961 #22805]  INFO -- : Started GET "/movies/22" for 10.0.2.2 at 2015-12-07 02:00:42 +0000
I, [2015-12-07T02:00:42.986964 #22805]  INFO -- : Processing by MoviesController#show as HTML
I, [2015-12-07T02:00:42.987333 #22805]  INFO -- :   Parameters: {"movieID"=>"22"}
D, [2015-12-07T02:00:42.989047 #22805] DEBUG -- :   [1m[36mMovies Load (0.4ms)[0m  [1mSELECT  "movies".* FROM "movies" WHERE "movies"."movieid" = $1 LIMIT 1[0m  [["movieid", 22]]
I, [2015-12-07T02:00:42.990752 #22805]  INFO -- :   Rendered movies/show.html.erb within layouts/application (0.7ms)
I, [2015-12-07T02:00:42.992290 #22805]  INFO -- : Completed 200 OK in 5ms (Views: 2.8ms | ActiveRecord: 0.4ms)
I, [2015-12-07T02:00:47.702008 #22805]  INFO -- : Started GET "/" for 10.0.2.2 at 2015-12-07 02:00:47 +0000
I, [2015-12-07T02:00:47.705433 #22805]  INFO -- : Processing by MainController#index as HTML
D, [2015-12-07T02:00:47.707674 #22805] DEBUG -- :   [1m[35mMovies Load (0.9ms)[0m  SELECT  "movies".* FROM "movies" WHERE (genre like '%Action%')  ORDER BY rating LIMIT 3
D, [2015-12-07T02:00:47.709895 #22805] DEBUG -- :   [1m[36mMovies Load (0.5ms)[0m  [1mSELECT  "movies".* FROM "movies" WHERE (genre like '%Comedy%')  ORDER BY rating LIMIT 3[0m
D, [2015-12-07T02:00:47.711343 #22805] DEBUG -- :   [1m[35mMovies Load (0.5ms)[0m  SELECT  "movies".* FROM "movies" WHERE (genre like '%Animation%')  ORDER BY rating LIMIT 3
D, [2015-12-07T02:00:47.712724 #22805] DEBUG -- :   [1m[36mMovies Load (0.6ms)[0m  [1mSELECT  "movies".* FROM "movies" WHERE (genre like '%Romance%')  ORDER BY rating LIMIT 3[0m
D, [2015-12-07T02:00:47.714006 #22805] DEBUG -- :   [1m[35mMovies Load (0.5ms)[0m  SELECT  "movies".* FROM "movies"  ORDER BY rating LIMIT 5
I, [2015-12-07T02:00:47.718653 #22805]  INFO -- :   Rendered main/index.html.erb within layouts/application (2.5ms)
I, [2015-12-07T02:00:47.719760 #22805]  INFO -- : Completed 200 OK in 14ms (Views: 4.4ms | ActiveRecord: 3.1ms)
I, [2015-12-07T02:00:52.687798 #22805]  INFO -- : Started GET "/movies/22" for 10.0.2.2 at 2015-12-07 02:00:52 +0000
I, [2015-12-07T02:00:52.690312 #22805]  INFO -- : Processing by MoviesController#show as HTML
I, [2015-12-07T02:00:52.690798 #22805]  INFO -- :   Parameters: {"movieID"=>"22"}
D, [2015-12-07T02:00:52.693036 #22805] DEBUG -- :   [1m[36mMovies Load (0.6ms)[0m  [1mSELECT  "movies".* FROM "movies" WHERE "movies"."movieid" = $1 LIMIT 1[0m  [["movieid", 22]]
I, [2015-12-07T02:00:52.695725 #22805]  INFO -- :   Rendered movies/show.html.erb within layouts/application (1.1ms)
I, [2015-12-07T02:00:52.697658 #22805]  INFO -- : Completed 200 OK in 7ms (Views: 3.5ms | ActiveRecord: 0.6ms)
I, [2015-12-07T02:00:56.539443 #22805]  INFO -- : Started GET "/" for 10.0.2.2 at 2015-12-07 02:00:56 +0000
I, [2015-12-07T02:00:56.542861 #22805]  INFO -- : Processing by MainController#index as HTML
D, [2015-12-07T02:00:56.544351 #22805] DEBUG -- :   [1m[35mMovies Load (0.4ms)[0m  SELECT  "movies".* FROM "movies" WHERE (genre like '%Action%')  ORDER BY rating LIMIT 3
D, [2015-12-07T02:00:56.545040 #22805] DEBUG -- :   [1m[36mMovies Load (0.1ms)[0m  [1mSELECT  "movies".* FROM "movies" WHERE (genre like '%Comedy%')  ORDER BY rating LIMIT 3[0m
D, [2015-12-07T02:00:56.545799 #22805] DEBUG -- :   [1m[35mMovies Load (0.3ms)[0m  SELECT  "movies".* FROM "movies" WHERE (genre like '%Animation%')  ORDER BY rating LIMIT 3
D, [2015-12-07T02:00:56.546562 #22805] DEBUG -- :   [1m[36mMovies Load (0.3ms)[0m  [1mSELECT  "movies".* FROM "movies" WHERE (genre like '%Romance%')  ORDER BY rating LIMIT 3[0m
D, [2015-12-07T02:00:56.547506 #22805] DEBUG -- :   [1m[35mMovies Load (0.3ms)[0m  SELECT  "movies".* FROM "movies"  ORDER BY rating LIMIT 5
I, [2015-12-07T02:00:56.550856 #22805]  INFO -- :   Rendered main/index.html.erb within layouts/application (2.7ms)
I, [2015-12-07T02:00:56.551781 #22805]  INFO -- : Completed 200 OK in 9ms (Views: 3.8ms | ActiveRecord: 1.4ms)
I, [2015-12-07T02:00:59.003483 #22805]  INFO -- : Started GET "/movies/22" for 10.0.2.2 at 2015-12-07 02:00:59 +0000
I, [2015-12-07T02:00:59.005042 #22805]  INFO -- : Processing by MoviesController#show as HTML
I, [2015-12-07T02:00:59.005247 #22805]  INFO -- :   Parameters: {"movieID"=>"22"}
D, [2015-12-07T02:00:59.006569 #22805] DEBUG -- :   [1m[36mMovies Load (0.3ms)[0m  [1mSELECT  "movies".* FROM "movies" WHERE "movies"."movieid" = $1 LIMIT 1[0m  [["movieid", 22]]
I, [2015-12-07T02:00:59.010582 #22805]  INFO -- :   Rendered movies/show.html.erb within layouts/application (1.4ms)
I, [2015-12-07T02:00:59.012294 #22805]  INFO -- : Completed 200 OK in 7ms (Views: 4.3ms | ActiveRecord: 0.3ms)
I, [2015-12-07T02:01:00.436165 #22805]  INFO -- : Started PATCH "/movies/22" for 10.0.2.2 at 2015-12-07 02:01:00 +0000
I, [2015-12-07T02:01:00.438005 #22805]  INFO -- : Processing by MoviesController#update as JSON
I, [2015-12-07T02:01:00.438835 #22825]  INFO -- : Started PATCH "/movies/22" for 10.0.2.2 at 2015-12-07 02:01:00 +0000
I, [2015-12-07T02:01:00.439135 #22805]  INFO -- :   Parameters: {"vote"=>"1", "movieID"=>"22"}
I, [2015-12-07T02:01:00.442338 #22825]  INFO -- : Processing by MoviesController#update as JSON
I, [2015-12-07T02:01:00.443710 #22825]  INFO -- :   Parameters: {"vote"=>"1", "movieID"=>"22"}
D, [2015-12-07T02:01:00.444889 #22825] DEBUG -- :   [1m[35mMovies Load (0.3ms)[0m  SELECT  "movies".* FROM "movies" WHERE "movies"."movieid" = $1 LIMIT 1  [["movieid", 22]]
D, [2015-12-07T02:01:00.445106 #22805] DEBUG -- :   [1m[35mMovies Load (1.7ms)[0m  SELECT  "movies".* FROM "movies" WHERE "movies"."movieid" = $1 LIMIT 1  [["movieid", 22]]
D, [2015-12-07T02:01:00.447753 #22825] DEBUG -- :   [1m[36m (1.6ms)[0m  [1mBEGIN[0m
D, [2015-12-07T02:01:00.447927 #22805] DEBUG -- :   [1m[36m (0.9ms)[0m  [1mBEGIN[0m
D, [2015-12-07T02:01:00.450013 #22805] DEBUG -- :   [1m[35mSQL (1.3ms)[0m  UPDATE "movies" SET "rating" = $1 WHERE "movies"."movieid" = $2  [["rating", 2], ["movieid", 22]]
D, [2015-12-07T02:01:00.451724 #22825] DEBUG -- :   [1m[35mSQL (1.9ms)[0m  UPDATE "movies" SET "rating" = $1 WHERE "movies"."movieid" = $2  [["rating", 2], ["movieid", 22]]
D, [2015-12-07T02:01:00.452145 #22805] DEBUG -- :   [1m[36m (1.3ms)[0m  [1mCOMMIT[0m
I, [2015-12-07T02:01:00.452511 #22805]  INFO -- : Completed 200 OK in 10ms (Views: 0.3ms | ActiveRecord: 5.2ms)
D, [2015-12-07T02:01:00.453242 #22825] DEBUG -- :   [1m[36m (0.3ms)[0m  [1mCOMMIT[0m
I, [2015-12-07T02:01:00.454993 #22825]  INFO -- : Completed 200 OK in 11ms (Views: 0.4ms | ActiveRecord: 4.1ms)
I, [2015-12-07T02:01:00.456685 #22825]  INFO -- : Started PATCH "/movies/22" for 10.0.2.2 at 2015-12-07 02:01:00 +0000
I, [2015-12-07T02:01:00.458360 #22825]  INFO -- : Processing by MoviesController#update as JSON
I, [2015-12-07T02:01:00.459881 #22825]  INFO -- :   Parameters: {"vote"=>"1", "movieID"=>"22"}
D, [2015-12-07T02:01:00.466245 #22825] DEBUG -- :   [1m[35mMovies Load (3.8ms)[0m  SELECT  "movies".* FROM "movies" WHERE "movies"."movieid" = $1 LIMIT 1  [["movieid", 22]]
I, [2015-12-07T02:01:00.471384 #22805]  INFO -- : Started GET "/movies/22" for 10.0.2.2 at 2015-12-07 02:01:00 +0000
I, [2015-12-07T02:01:00.472608 #22805]  INFO -- : Processing by MoviesController#show as HTML
I, [2015-12-07T02:01:00.472938 #22805]  INFO -- :   Parameters: {"movieID"=>"22"}
D, [2015-12-07T02:01:00.473193 #22825] DEBUG -- :   [1m[36m (5.2ms)[0m  [1mBEGIN[0m
D, [2015-12-07T02:01:00.474526 #22805] DEBUG -- :   [1m[35mMovies Load (0.3ms)[0m  SELECT  "movies".* FROM "movies" WHERE "movies"."movieid" = $1 LIMIT 1  [["movieid", 22]]
I, [2015-12-07T02:01:00.478920 #22805]  INFO -- :   Rendered movies/show.html.erb within layouts/application (0.7ms)
D, [2015-12-07T02:01:00.480985 #22825] DEBUG -- :   [1m[35mSQL (0.4ms)[0m  UPDATE "movies" SET "rating" = $1 WHERE "movies"."movieid" = $2  [["rating", 3], ["movieid", 22]]
D, [2015-12-07T02:01:00.483123 #22825] DEBUG -- :   [1m[36m (0.5ms)[0m  [1mCOMMIT[0m
I, [2015-12-07T02:01:00.484176 #22805]  INFO -- : Completed 200 OK in 11ms (Views: 6.5ms | ActiveRecord: 0.3ms)
I, [2015-12-07T02:01:00.484530 #22825]  INFO -- : Completed 200 OK in 23ms (Views: 0.4ms | ActiveRecord: 10.0ms)
I, [2015-12-07T02:01:00.531426 #22805]  INFO -- : Started GET "/movies/22" for 10.0.2.2 at 2015-12-07 02:01:00 +0000
I, [2015-12-07T02:01:00.534411 #22805]  INFO -- : Processing by MoviesController#show as HTML
I, [2015-12-07T02:01:00.535309 #22805]  INFO -- :   Parameters: {"movieID"=>"22"}
D, [2015-12-07T02:01:00.538488 #22805] DEBUG -- :   [1m[36mMovies Load (0.4ms)[0m  [1mSELECT  "movies".* FROM "movies" WHERE "movies"."movieid" = $1 LIMIT 1[0m  [["movieid", 22]]
I, [2015-12-07T02:01:00.540634 #22805]  INFO -- :   Rendered movies/show.html.erb within layouts/application (0.6ms)
I, [2015-12-07T02:01:00.541730 #22805]  INFO -- : Completed 200 OK in 5ms (Views: 2.1ms | ActiveRecord: 0.4ms)
I, [2015-12-07T02:01:00.591794 #22805]  INFO -- : Started GET "/movies/22" for 10.0.2.2 at 2015-12-07 02:01:00 +0000
I, [2015-12-07T02:01:00.593910 #22805]  INFO -- : Processing by MoviesController#show as HTML
I, [2015-12-07T02:01:00.595505 #22805]  INFO -- :   Parameters: {"movieID"=>"22"}
D, [2015-12-07T02:01:00.598163 #22805] DEBUG -- :   [1m[35mMovies Load (0.3ms)[0m  SELECT  "movies".* FROM "movies" WHERE "movies"."movieid" = $1 LIMIT 1  [["movieid", 22]]
I, [2015-12-07T02:01:00.600477 #22805]  INFO -- :   Rendered movies/show.html.erb within layouts/application (0.5ms)
I, [2015-12-07T02:01:00.601775 #22805]  INFO -- : Completed 200 OK in 5ms (Views: 2.0ms | ActiveRecord: 0.3ms)
I, [2015-12-07T02:01:01.048049 #22805]  INFO -- : Started PATCH "/movies/22" for 10.0.2.2 at 2015-12-07 02:01:01 +0000
I, [2015-12-07T02:01:01.049259 #22805]  INFO -- : Processing by MoviesController#update as JSON
I, [2015-12-07T02:01:01.049480 #22805]  INFO -- :   Parameters: {"vote"=>"-1", "movieID"=>"22"}
I, [2015-12-07T02:01:01.050955 #22825]  INFO -- : Started PATCH "/movies/22" for 10.0.2.2 at 2015-12-07 02:01:01 +0000
I, [2015-12-07T02:01:01.052437 #22825]  INFO -- : Processing by MoviesController#update as JSON
I, [2015-12-07T02:01:01.052734 #22825]  INFO -- :   Parameters: {"vote"=>"-1", "movieID"=>"22"}
D, [2015-12-07T02:01:01.054915 #22805] DEBUG -- :   [1m[36mMovies Load (4.4ms)[0m  [1mSELECT  "movies".* FROM "movies" WHERE "movies"."movieid" = $1 LIMIT 1[0m  [["movieid", 22]]
D, [2015-12-07T02:01:01.055358 #22825] DEBUG -- :   [1m[35mMovies Load (1.2ms)[0m  SELECT  "movies".* FROM "movies" WHERE "movies"."movieid" = $1 LIMIT 1  [["movieid", 22]]
D, [2015-12-07T02:01:01.063326 #22805] DEBUG -- :   [1m[35m (6.7ms)[0m  BEGIN
D, [2015-12-07T02:01:01.063498 #22825] DEBUG -- :   [1m[36m (0.4ms)[0m  [1mBEGIN[0m
D, [2015-12-07T02:01:01.065045 #22825] DEBUG -- :   [1m[35mSQL (0.8ms)[0m  UPDATE "movies" SET "rating" = $1 WHERE "movies"."movieid" = $2  [["rating", 2], ["movieid", 22]]
D, [2015-12-07T02:01:01.066054 #22805] DEBUG -- :   [1m[36mSQL (1.2ms)[0m  [1mUPDATE "movies" SET "rating" = $1 WHERE "movies"."movieid" = $2[0m  [["rating", 2], ["movieid", 22]]
D, [2015-12-07T02:01:01.066193 #22825] DEBUG -- :   [1m[36m (0.8ms)[0m  [1mCOMMIT[0m
I, [2015-12-07T02:01:01.066469 #22825]  INFO -- : Completed 200 OK in 13ms (Views: 0.3ms | ActiveRecord: 3.2ms)
D, [2015-12-07T02:01:01.066907 #22805] DEBUG -- :   [1m[35m (0.1ms)[0m  COMMIT
I, [2015-12-07T02:01:01.068697 #22805]  INFO -- : Completed 200 OK in 19ms (Views: 0.4ms | ActiveRecord: 12.5ms)
I, [2015-12-07T02:01:01.071790 #22825]  INFO -- : Started PATCH "/movies/22" for 10.0.2.2 at 2015-12-07 02:01:01 +0000
I, [2015-12-07T02:01:01.074076 #22825]  INFO -- : Processing by MoviesController#update as JSON
I, [2015-12-07T02:01:01.076919 #22825]  INFO -- :   Parameters: {"vote"=>"-1", "movieID"=>"22"}
I, [2015-12-07T02:01:01.084096 #22805]  INFO -- : Started GET "/movies/22" for 10.0.2.2 at 2015-12-07 02:01:01 +0000
I, [2015-12-07T02:01:01.086717 #22805]  INFO -- : Processing by MoviesController#show as HTML
D, [2015-12-07T02:01:01.087038 #22825] DEBUG -- :   [1m[35mMovies Load (0.5ms)[0m  SELECT  "movies".* FROM "movies" WHERE "movies"."movieid" = $1 LIMIT 1  [["movieid", 22]]
I, [2015-12-07T02:01:01.088633 #22805]  INFO -- :   Parameters: {"movieID"=>"22"}
D, [2015-12-07T02:01:01.090296 #22805] DEBUG -- :   [1m[36mMovies Load (0.3ms)[0m  [1mSELECT  "movies".* FROM "movies" WHERE "movies"."movieid" = $1 LIMIT 1[0m  [["movieid", 22]]
I, [2015-12-07T02:01:01.094264 #22805]  INFO -- :   Rendered movies/show.html.erb within layouts/application (1.1ms)
D, [2015-12-07T02:01:01.094625 #22825] DEBUG -- :   [1m[36m (6.1ms)[0m  [1mBEGIN[0m
D, [2015-12-07T02:01:01.096337 #22825] DEBUG -- :   [1m[35mSQL (0.3ms)[0m  UPDATE "movies" SET "rating" = $1 WHERE "movies"."movieid" = $2  [["rating", 1], ["movieid", 22]]
D, [2015-12-07T02:01:01.099791 #22825] DEBUG -- :   [1m[36m (0.6ms)[0m  [1mCOMMIT[0m
I, [2015-12-07T02:01:01.100218 #22805]  INFO -- : Completed 200 OK in 11ms (Views: 6.7ms | ActiveRecord: 0.3ms)
I, [2015-12-07T02:01:01.101061 #22825]  INFO -- : Completed 200 OK in 23ms (Views: 0.4ms | ActiveRecord: 7.5ms)
I, [2015-12-07T02:01:01.155166 #22805]  INFO -- : Started GET "/movies/22" for 10.0.2.2 at 2015-12-07 02:01:01 +0000
I, [2015-12-07T02:01:01.158263 #22805]  INFO -- : Processing by MoviesController#show as HTML
I, [2015-12-07T02:01:01.160975 #22805]  INFO -- :   Parameters: {"movieID"=>"22"}
D, [2015-12-07T02:01:01.162765 #22805] DEBUG -- :   [1m[35mMovies Load (0.3ms)[0m  SELECT  "movies".* FROM "movies" WHERE "movies"."movieid" = $1 LIMIT 1  [["movieid", 22]]
I, [2015-12-07T02:01:01.166278 #22805]  INFO -- :   Rendered movies/show.html.erb within layouts/application (0.6ms)
I, [2015-12-07T02:01:01.170326 #22805]  INFO -- : Completed 200 OK in 9ms (Views: 5.0ms | ActiveRecord: 0.3ms)
I, [2015-12-07T02:01:01.245507 #22805]  INFO -- : Started GET "/movies/22" for 10.0.2.2 at 2015-12-07 02:01:01 +0000
I, [2015-12-07T02:01:01.246767 #22805]  INFO -- : Processing by MoviesController#show as HTML
I, [2015-12-07T02:01:01.248906 #22805]  INFO -- :   Parameters: {"movieID"=>"22"}
D, [2015-12-07T02:01:01.250854 #22805] DEBUG -- :   [1m[36mMovies Load (0.5ms)[0m  [1mSELECT  "movies".* FROM "movies" WHERE "movies"."movieid" = $1 LIMIT 1[0m  [["movieid", 22]]
I, [2015-12-07T02:01:01.253728 #22805]  INFO -- :   Rendered movies/show.html.erb within layouts/application (0.6ms)
I, [2015-12-07T02:01:01.334146 #22805]  INFO -- : Completed 200 OK in 85ms (Views: 72.8ms | ActiveRecord: 0.5ms)
I, [2015-12-07T02:01:02.034369 #22805]  INFO -- : Started PATCH "/movies/22" for 10.0.2.2 at 2015-12-07 02:01:02 +0000
I, [2015-12-07T02:01:02.036084 #22805]  INFO -- : Processing by MoviesController#update as JSON
I, [2015-12-07T02:01:02.036753 #22825]  INFO -- : Started PATCH "/movies/22" for 10.0.2.2 at 2015-12-07 02:01:02 +0000
I, [2015-12-07T02:01:02.037919 #22825]  INFO -- : Processing by MoviesController#update as JSON
I, [2015-12-07T02:01:02.038259 #22825]  INFO -- :   Parameters: {"vote"=>"1", "movieID"=>"22"}
I, [2015-12-07T02:01:02.039749 #22805]  INFO -- :   Parameters: {"vote"=>"1", "movieID"=>"22"}
D, [2015-12-07T02:01:02.040284 #22825] DEBUG -- :   [1m[35mMovies Load (0.9ms)[0m  SELECT  "movies".* FROM "movies" WHERE "movies"."movieid" = $1 LIMIT 1  [["movieid", 22]]
D, [2015-12-07T02:01:02.052519 #22825] DEBUG -- :   [1m[36m (10.5ms)[0m  [1mBEGIN[0m
D, [2015-12-07T02:01:02.053170 #22805] DEBUG -- :   [1m[35mMovies Load (9.9ms)[0m  SELECT  "movies".* FROM "movies" WHERE "movies"."movieid" = $1 LIMIT 1  [["movieid", 22]]
D, [2015-12-07T02:01:02.055507 #22825] DEBUG -- :   [1m[35mSQL (0.6ms)[0m  UPDATE "movies" SET "rating" = $1 WHERE "movies"."movieid" = $2  [["rating", 2], ["movieid", 22]]
D, [2015-12-07T02:01:02.058288 #22825] DEBUG -- :   [1m[36m (0.4ms)[0m  [1mCOMMIT[0m
D, [2015-12-07T02:01:02.058448 #22805] DEBUG -- :   [1m[36m (0.8ms)[0m  [1mBEGIN[0m
I, [2015-12-07T02:01:02.058740 #22825]  INFO -- : Completed 200 OK in 20ms (Views: 0.4ms | ActiveRecord: 12.5ms)
I, [2015-12-07T02:01:02.061693 #22825]  INFO -- : Started PATCH "/movies/22" for 10.0.2.2 at 2015-12-07 02:01:02 +0000
D, [2015-12-07T02:01:02.061921 #22805] DEBUG -- :   [1m[35mSQL (1.4ms)[0m  UPDATE "movies" SET "rating" = $1 WHERE "movies"."movieid" = $2  [["rating", 2], ["movieid", 22]]
I, [2015-12-07T02:01:02.063802 #22825]  INFO -- : Processing by MoviesController#update as JSON
D, [2015-12-07T02:01:02.064155 #22805] DEBUG -- :   [1m[36m (1.7ms)[0m  [1mCOMMIT[0m
I, [2015-12-07T02:01:02.064265 #22825]  INFO -- :   Parameters: {"vote"=>"1", "movieID"=>"22"}
I, [2015-12-07T02:01:02.066254 #22805]  INFO -- : Completed 200 OK in 26ms (Views: 0.8ms | ActiveRecord: 13.8ms)
D, [2015-12-07T02:01:02.067315 #22825] DEBUG -- :   [1m[35mMovies Load (0.4ms)[0m  SELECT  "movies".* FROM "movies" WHERE "movies"."movieid" = $1 LIMIT 1  [["movieid", 22]]
I, [2015-12-07T02:01:02.077580 #22805]  INFO -- : Started GET "/movies/22" for 10.0.2.2 at 2015-12-07 02:01:02 +0000
D, [2015-12-07T02:01:02.078074 #22825] DEBUG -- :   [1m[36m (0.3ms)[0m  [1mBEGIN[0m
I, [2015-12-07T02:01:02.080904 #22805]  INFO -- : Processing by MoviesController#show as HTML
D, [2015-12-07T02:01:02.081174 #22825] DEBUG -- :   [1m[35mSQL (1.7ms)[0m  UPDATE "movies" SET "rating" = $1 WHERE "movies"."movieid" = $2  [["rating", 3], ["movieid", 22]]
I, [2015-12-07T02:01:02.081363 #22805]  INFO -- :   Parameters: {"movieID"=>"22"}
D, [2015-12-07T02:01:02.084586 #22825] DEBUG -- :   [1m[36m (0.6ms)[0m  [1mCOMMIT[0m
I, [2015-12-07T02:01:02.085217 #22825]  INFO -- : Completed 200 OK in 21ms (Views: 0.5ms | ActiveRecord: 2.9ms)
D, [2015-12-07T02:01:02.089949 #22805] DEBUG -- :   [1m[35mMovies Load (6.5ms)[0m  SELECT  "movies".* FROM "movies" WHERE "movies"."movieid" = $1 LIMIT 1  [["movieid", 22]]
I, [2015-12-07T02:01:02.093025 #22805]  INFO -- :   Rendered movies/show.html.erb within layouts/application (0.8ms)
I, [2015-12-07T02:01:02.095781 #22805]  INFO -- : Completed 200 OK in 14ms (Views: 4.1ms | ActiveRecord: 6.5ms)
I, [2015-12-07T02:01:02.147331 #22805]  INFO -- : Started GET "/movies/22" for 10.0.2.2 at 2015-12-07 02:01:02 +0000
I, [2015-12-07T02:01:02.149403 #22805]  INFO -- : Processing by MoviesController#show as HTML
I, [2015-12-07T02:01:02.152204 #22805]  INFO -- :   Parameters: {"movieID"=>"22"}
D, [2015-12-07T02:01:02.153998 #22805] DEBUG -- :   [1m[36mMovies Load (0.3ms)[0m  [1mSELECT  "movies".* FROM "movies" WHERE "movies"."movieid" = $1 LIMIT 1[0m  [["movieid", 22]]
I, [2015-12-07T02:01:02.156073 #22805]  INFO -- :   Rendered movies/show.html.erb within layouts/application (0.5ms)
I, [2015-12-07T02:01:02.157582 #22805]  INFO -- : Completed 200 OK in 5ms (Views: 2.3ms | ActiveRecord: 0.3ms)
I, [2015-12-07T02:01:02.221509 #22805]  INFO -- : Started GET "/movies/22" for 10.0.2.2 at 2015-12-07 02:01:02 +0000
I, [2015-12-07T02:01:02.225221 #22805]  INFO -- : Processing by MoviesController#show as HTML
I, [2015-12-07T02:01:02.227723 #22805]  INFO -- :   Parameters: {"movieID"=>"22"}
D, [2015-12-07T02:01:02.229849 #22805] DEBUG -- :   [1m[35mMovies Load (0.3ms)[0m  SELECT  "movies".* FROM "movies" WHERE "movies"."movieid" = $1 LIMIT 1  [["movieid", 22]]
I, [2015-12-07T02:01:02.232930 #22805]  INFO -- :   Rendered movies/show.html.erb within layouts/application (0.6ms)
I, [2015-12-07T02:01:02.236691 #22805]  INFO -- : Completed 200 OK in 8ms (Views: 4.6ms | ActiveRecord: 0.3ms)
I, [2015-12-07T02:01:02.939030 #22805]  INFO -- : Started PATCH "/movies/22" for 10.0.2.2 at 2015-12-07 02:01:02 +0000
I, [2015-12-07T02:01:02.940642 #22805]  INFO -- : Processing by MoviesController#update as JSON
I, [2015-12-07T02:01:02.941029 #22805]  INFO -- :   Parameters: {"vote"=>"-1", "movieID"=>"22"}
I, [2015-12-07T02:01:02.941796 #22825]  INFO -- : Started PATCH "/movies/22" for 10.0.2.2 at 2015-12-07 02:01:02 +0000
I, [2015-12-07T02:01:02.943566 #22825]  INFO -- : Processing by MoviesController#update as JSON
I, [2015-12-07T02:01:02.943828 #22825]  INFO -- :   Parameters: {"vote"=>"-1", "movieID"=>"22"}
D, [2015-12-07T02:01:02.946460 #22825] DEBUG -- :   [1m[35mMovies Load (0.2ms)[0m  SELECT  "movies".* FROM "movies" WHERE "movies"."movieid" = $1 LIMIT 1  [["movieid", 22]]
D, [2015-12-07T02:01:02.946729 #22805] DEBUG -- :   [1m[36mMovies Load (1.0ms)[0m  [1mSELECT  "movies".* FROM "movies" WHERE "movies"."movieid" = $1 LIMIT 1[0m  [["movieid", 22]]
D, [2015-12-07T02:01:02.948955 #22805] DEBUG -- :   [1m[35m (0.3ms)[0m  BEGIN
D, [2015-12-07T02:01:02.950809 #22825] DEBUG -- :   [1m[36m (3.1ms)[0m  [1mBEGIN[0m
D, [2015-12-07T02:01:02.953028 #22825] DEBUG -- :   [1m[35mSQL (1.3ms)[0m  UPDATE "movies" SET "rating" = $1 WHERE "movies"."movieid" = $2  [["rating", 2], ["movieid", 22]]
D, [2015-12-07T02:01:02.954326 #22805] DEBUG -- :   [1m[36mSQL (1.6ms)[0m  [1mUPDATE "movies" SET "rating" = $1 WHERE "movies"."movieid" = $2[0m  [["rating", 2], ["movieid", 22]]
D, [2015-12-07T02:01:02.955798 #22825] DEBUG -- :   [1m[36m (2.3ms)[0m  [1mCOMMIT[0m
D, [2015-12-07T02:01:02.956074 #22805] DEBUG -- :   [1m[35m (0.9ms)[0m  COMMIT
I, [2015-12-07T02:01:02.956442 #22825]  INFO -- : Completed 200 OK in 12ms (Views: 0.3ms | ActiveRecord: 6.8ms)
I, [2015-12-07T02:01:02.956768 #22805]  INFO -- : Completed 200 OK in 12ms (Views: 0.3ms | ActiveRecord: 3.8ms)
I, [2015-12-07T02:01:02.963802 #22825]  INFO -- : Started PATCH "/movies/22" for 10.0.2.2 at 2015-12-07 02:01:02 +0000
I, [2015-12-07T02:01:02.970461 #22805]  INFO -- : Started GET "/movies/22" for 10.0.2.2 at 2015-12-07 02:01:02 +0000
I, [2015-12-07T02:01:02.971612 #22805]  INFO -- : Processing by MoviesController#show as HTML
I, [2015-12-07T02:01:02.971837 #22805]  INFO -- :   Parameters: {"movieID"=>"22"}
I, [2015-12-07T02:01:02.973144 #22825]  INFO -- : Processing by MoviesController#update as JSON
D, [2015-12-07T02:01:02.973537 #22805] DEBUG -- :   [1m[36mMovies Load (0.8ms)[0m  [1mSELECT  "movies".* FROM "movies" WHERE "movies"."movieid" = $1 LIMIT 1[0m  [["movieid", 22]]
I, [2015-12-07T02:01:02.973827 #22825]  INFO -- :   Parameters: {"vote"=>"-1", "movieID"=>"22"}
I, [2015-12-07T02:01:02.978036 #22805]  INFO -- :   Rendered movies/show.html.erb within layouts/application (0.6ms)
D, [2015-12-07T02:01:02.978809 #22825] DEBUG -- :   [1m[35mMovies Load (3.7ms)[0m  SELECT  "movies".* FROM "movies" WHERE "movies"."movieid" = $1 LIMIT 1  [["movieid", 22]]
I, [2015-12-07T02:01:02.983110 #22805]  INFO -- : Completed 200 OK in 11ms (Views: 6.6ms | ActiveRecord: 0.8ms)
D, [2015-12-07T02:01:02.983386 #22825] DEBUG -- :   [1m[36m (1.5ms)[0m  [1mBEGIN[0m
D, [2015-12-07T02:01:02.987649 #22825] DEBUG -- :   [1m[35mSQL (1.9ms)[0m  UPDATE "movies" SET "rating" = $1 WHERE "movies"."movieid" = $2  [["rating", 1], ["movieid", 22]]
D, [2015-12-07T02:01:02.994714 #22825] DEBUG -- :   [1m[36m (6.1ms)[0m  [1mCOMMIT[0m
I, [2015-12-07T02:01:02.997103 #22825]  INFO -- : Completed 200 OK in 23ms (Views: 0.4ms | ActiveRecord: 13.2ms)
I, [2015-12-07T02:01:03.034017 #22825]  INFO -- : Started GET "/movies/22" for 10.0.2.2 at 2015-12-07 02:01:03 +0000
I, [2015-12-07T02:01:03.035121 #22825]  INFO -- : Processing by MoviesController#show as HTML
I, [2015-12-07T02:01:03.035307 #22825]  INFO -- :   Parameters: {"movieID"=>"22"}
D, [2015-12-07T02:01:03.036481 #22825] DEBUG -- :   [1m[35mMovies Load (0.3ms)[0m  SELECT  "movies".* FROM "movies" WHERE "movies"."movieid" = $1 LIMIT 1  [["movieid", 22]]
I, [2015-12-07T02:01:03.039688 #22825]  INFO -- :   Rendered movies/show.html.erb within layouts/application (0.8ms)
I, [2015-12-07T02:01:03.043501 #22825]  INFO -- : Completed 200 OK in 8ms (Views: 6.4ms | ActiveRecord: 0.3ms)
I, [2015-12-07T02:01:03.090181 #22825]  INFO -- : Started GET "/movies/22" for 10.0.2.2 at 2015-12-07 02:01:03 +0000
I, [2015-12-07T02:01:03.091421 #22825]  INFO -- : Processing by MoviesController#show as HTML
I, [2015-12-07T02:01:03.091655 #22825]  INFO -- :   Parameters: {"movieID"=>"22"}
D, [2015-12-07T02:01:03.093270 #22825] DEBUG -- :   [1m[36mMovies Load (0.7ms)[0m  [1mSELECT  "movies".* FROM "movies" WHERE "movies"."movieid" = $1 LIMIT 1[0m  [["movieid", 22]]
I, [2015-12-07T02:01:03.095608 #22825]  INFO -- :   Rendered movies/show.html.erb within layouts/application (0.5ms)
I, [2015-12-07T02:01:03.099519 #22825]  INFO -- : Completed 200 OK in 8ms (Views: 4.9ms | ActiveRecord: 0.7ms)
I, [2015-12-07T02:01:03.670984 #22825]  INFO -- : Started PATCH "/movies/22" for 10.0.2.2 at 2015-12-07 02:01:03 +0000
I, [2015-12-07T02:01:03.673666 #22805]  INFO -- : Started PATCH "/movies/22" for 10.0.2.2 at 2015-12-07 02:01:03 +0000
I, [2015-12-07T02:01:03.675469 #22805]  INFO -- : Processing by MoviesController#update as JSON
I, [2015-12-07T02:01:03.676174 #22825]  INFO -- : Processing by MoviesController#update as JSON
I, [2015-12-07T02:01:03.676381 #22805]  INFO -- :   Parameters: {"vote"=>"1", "movieID"=>"22"}
I, [2015-12-07T02:01:03.677825 #22825]  INFO -- :   Parameters: {"vote"=>"1", "movieID"=>"22"}
D, [2015-12-07T02:01:03.682082 #22825] DEBUG -- :   [1m[35mMovies Load (0.7ms)[0m  SELECT  "movies".* FROM "movies" WHERE "movies"."movieid" = $1 LIMIT 1  [["movieid", 22]]
D, [2015-12-07T02:01:03.682268 #22805] DEBUG -- :   [1m[35mMovies Load (0.4ms)[0m  SELECT  "movies".* FROM "movies" WHERE "movies"."movieid" = $1 LIMIT 1  [["movieid", 22]]
D, [2015-12-07T02:01:03.684299 #22825] DEBUG -- :   [1m[36m (0.1ms)[0m  [1mBEGIN[0m
D, [2015-12-07T02:01:03.684480 #22805] DEBUG -- :   [1m[36m (1.2ms)[0m  [1mBEGIN[0m
D, [2015-12-07T02:01:03.686644 #22825] DEBUG -- :   [1m[35mSQL (0.5ms)[0m  UPDATE "movies" SET "rating" = $1 WHERE "movies"."movieid" = $2  [["rating", 2], ["movieid", 22]]
D, [2015-12-07T02:01:03.689021 #22805] DEBUG -- :   [1m[35mSQL (1.6ms)[0m  UPDATE "movies" SET "rating" = $1 WHERE "movies"."movieid" = $2  [["rating", 2], ["movieid", 22]]
D, [2015-12-07T02:01:03.689522 #22825] DEBUG -- :   [1m[36m (1.6ms)[0m  [1mCOMMIT[0m
I, [2015-12-07T02:01:03.690971 #22825]  INFO -- : Completed 200 OK in 10ms (Views: 0.3ms | ActiveRecord: 2.9ms)
D, [2015-12-07T02:01:03.691266 #22805] DEBUG -- :   [1m[36m (1.1ms)[0m  [1mCOMMIT[0m
I, [2015-12-07T02:01:03.692194 #22805]  INFO -- : Completed 200 OK in 16ms (Views: 0.4ms | ActiveRecord: 4.4ms)
I, [2015-12-07T02:01:03.694778 #22825]  INFO -- : Started PATCH "/movies/22" for 10.0.2.2 at 2015-12-07 02:01:03 +0000
I, [2015-12-07T02:01:03.700381 #22825]  INFO -- : Processing by MoviesController#update as JSON
I, [2015-12-07T02:01:03.701598 #22825]  INFO -- :   Parameters: {"vote"=>"1", "movieID"=>"22"}
I, [2015-12-07T02:01:03.703327 #22805]  INFO -- : Started GET "/movies/22" for 10.0.2.2 at 2015-12-07 02:01:03 +0000
I, [2015-12-07T02:01:03.704872 #22805]  INFO -- : Processing by MoviesController#show as HTML
I, [2015-12-07T02:01:03.704977 #22805]  INFO -- :   Parameters: {"movieID"=>"22"}
D, [2015-12-07T02:01:03.707192 #22805] DEBUG -- :   [1m[35mMovies Load (0.2ms)[0m  SELECT  "movies".* FROM "movies" WHERE "movies"."movieid" = $1 LIMIT 1  [["movieid", 22]]
I, [2015-12-07T02:01:03.710466 #22805]  INFO -- :   Rendered movies/show.html.erb within layouts/application (1.3ms)
D, [2015-12-07T02:01:03.712259 #22825] DEBUG -- :   [1m[35mMovies Load (6.2ms)[0m  SELECT  "movies".* FROM "movies" WHERE "movies"."movieid" = $1 LIMIT 1  [["movieid", 22]]
D, [2015-12-07T02:01:03.714175 #22825] DEBUG -- :   [1m[36m (0.3ms)[0m  [1mBEGIN[0m
D, [2015-12-07T02:01:03.715815 #22825] DEBUG -- :   [1m[35mSQL (0.3ms)[0m  UPDATE "movies" SET "rating" = $1 WHERE "movies"."movieid" = $2  [["rating", 3], ["movieid", 22]]
I, [2015-12-07T02:01:03.718142 #22805]  INFO -- : Completed 200 OK in 12ms (Views: 10.0ms | ActiveRecord: 0.2ms)
D, [2015-12-07T02:01:03.719384 #22825] DEBUG -- :   [1m[36m (0.6ms)[0m  [1mCOMMIT[0m
I, [2015-12-07T02:01:03.719887 #22825]  INFO -- : Completed 200 OK in 15ms (Views: 0.4ms | ActiveRecord: 7.4ms)
I, [2015-12-07T02:01:03.770204 #22805]  INFO -- : Started GET "/movies/22" for 10.0.2.2 at 2015-12-07 02:01:03 +0000
I, [2015-12-07T02:01:03.772062 #22805]  INFO -- : Processing by MoviesController#show as HTML
I, [2015-12-07T02:01:03.772527 #22805]  INFO -- :   Parameters: {"movieID"=>"22"}
D, [2015-12-07T02:01:03.774573 #22805] DEBUG -- :   [1m[36mMovies Load (0.5ms)[0m  [1mSELECT  "movies".* FROM "movies" WHERE "movies"."movieid" = $1 LIMIT 1[0m  [["movieid", 22]]
I, [2015-12-07T02:01:03.776273 #22805]  INFO -- :   Rendered movies/show.html.erb within layouts/application (0.6ms)
I, [2015-12-07T02:01:03.778206 #22805]  INFO -- : Completed 200 OK in 5ms (Views: 2.7ms | ActiveRecord: 0.5ms)
I, [2015-12-07T02:01:03.821729 #22805]  INFO -- : Started GET "/movies/22" for 10.0.2.2 at 2015-12-07 02:01:03 +0000
I, [2015-12-07T02:01:03.826210 #22805]  INFO -- : Processing by MoviesController#show as HTML
I, [2015-12-07T02:01:03.826801 #22805]  INFO -- :   Parameters: {"movieID"=>"22"}
D, [2015-12-07T02:01:03.830593 #22805] DEBUG -- :   [1m[35mMovies Load (0.5ms)[0m  SELECT  "movies".* FROM "movies" WHERE "movies"."movieid" = $1 LIMIT 1  [["movieid", 22]]
I, [2015-12-07T02:01:03.834048 #22805]  INFO -- :   Rendered movies/show.html.erb within layouts/application (0.7ms)
I, [2015-12-07T02:01:03.837510 #22805]  INFO -- : Completed 200 OK in 8ms (Views: 4.5ms | ActiveRecord: 0.5ms)
I, [2015-12-07T02:01:06.142929 #22805]  INFO -- : Started PATCH "/movies/22" for 10.0.2.2 at 2015-12-07 02:01:06 +0000
I, [2015-12-07T02:01:06.144371 #22805]  INFO -- : Processing by MoviesController#update as JSON
I, [2015-12-07T02:01:06.144524 #22805]  INFO -- :   Parameters: {"vote"=>"-1", "movieID"=>"22"}
I, [2015-12-07T02:01:06.146330 #22825]  INFO -- : Started PATCH "/movies/22" for 10.0.2.2 at 2015-12-07 02:01:06 +0000
I, [2015-12-07T02:01:06.147730 #22825]  INFO -- : Processing by MoviesController#update as JSON
I, [2015-12-07T02:01:06.147896 #22825]  INFO -- :   Parameters: {"vote"=>"-1", "movieID"=>"22"}
D, [2015-12-07T02:01:06.149299 #22825] DEBUG -- :   [1m[35mMovies Load (0.3ms)[0m  SELECT  "movies".* FROM "movies" WHERE "movies"."movieid" = $1 LIMIT 1  [["movieid", 22]]
D, [2015-12-07T02:01:06.153180 #22805] DEBUG -- :   [1m[36mMovies Load (3.0ms)[0m  [1mSELECT  "movies".* FROM "movies" WHERE "movies"."movieid" = $1 LIMIT 1[0m  [["movieid", 22]]
D, [2015-12-07T02:01:06.153545 #22825] DEBUG -- :   [1m[36m (2.5ms)[0m  [1mBEGIN[0m
D, [2015-12-07T02:01:06.161056 #22825] DEBUG -- :   [1m[35mSQL (6.2ms)[0m  UPDATE "movies" SET "rating" = $1 WHERE "movies"."movieid" = $2  [["rating", 2], ["movieid", 22]]
D, [2015-12-07T02:01:06.161467 #22805] DEBUG -- :   [1m[35m (4.7ms)[0m  BEGIN
D, [2015-12-07T02:01:06.163298 #22825] DEBUG -- :   [1m[36m (0.5ms)[0m  [1mCOMMIT[0m
D, [2015-12-07T02:01:06.163477 #22805] DEBUG -- :   [1m[36mSQL (1.1ms)[0m  [1mUPDATE "movies" SET "rating" = $1 WHERE "movies"."movieid" = $2[0m  [["rating", 2], ["movieid", 22]]
I, [2015-12-07T02:01:06.163929 #22825]  INFO -- : Completed 200 OK in 16ms (Views: 0.3ms | ActiveRecord: 9.4ms)
I, [2015-12-07T02:01:06.165462 #22825]  INFO -- : Started PATCH "/movies/22" for 10.0.2.2 at 2015-12-07 02:01:06 +0000
D, [2015-12-07T02:01:06.166581 #22805] DEBUG -- :   [1m[35m (0.7ms)[0m  COMMIT
I, [2015-12-07T02:01:06.167454 #22825]  INFO -- : Processing by MoviesController#update as JSON
I, [2015-12-07T02:01:06.167639 #22825]  INFO -- :   Parameters: {"vote"=>"-1", "movieID"=>"22"}
I, [2015-12-07T02:01:06.167927 #22805]  INFO -- : Completed 200 OK in 23ms (Views: 0.7ms | ActiveRecord: 9.5ms)
D, [2015-12-07T02:01:06.172133 #22825] DEBUG -- :   [1m[35mMovies Load (1.7ms)[0m  SELECT  "movies".* FROM "movies" WHERE "movies"."movieid" = $1 LIMIT 1  [["movieid", 22]]
I, [2015-12-07T02:01:06.181401 #22805]  INFO -- : Started GET "/movies/22" for 10.0.2.2 at 2015-12-07 02:01:06 +0000
D, [2015-12-07T02:01:06.181570 #22825] DEBUG -- :   [1m[36m (1.0ms)[0m  [1mBEGIN[0m
I, [2015-12-07T02:01:06.182568 #22805]  INFO -- : Processing by MoviesController#show as HTML
D, [2015-12-07T02:01:06.183571 #22825] DEBUG -- :   [1m[35mSQL (0.2ms)[0m  UPDATE "movies" SET "rating" = $1 WHERE "movies"."movieid" = $2  [["rating", 1], ["movieid", 22]]
I, [2015-12-07T02:01:06.183679 #22805]  INFO -- :   Parameters: {"movieID"=>"22"}
D, [2015-12-07T02:01:06.184877 #22805] DEBUG -- :   [1m[36mMovies Load (0.2ms)[0m  [1mSELECT  "movies".* FROM "movies" WHERE "movies"."movieid" = $1 LIMIT 1[0m  [["movieid", 22]]
I, [2015-12-07T02:01:06.186627 #22805]  INFO -- :   Rendered movies/show.html.erb within layouts/application (0.5ms)
D, [2015-12-07T02:01:06.186908 #22825] DEBUG -- :   [1m[36m (1.7ms)[0m  [1mCOMMIT[0m
I, [2015-12-07T02:01:06.188481 #22805]  INFO -- : Completed 200 OK in 4ms (Views: 2.5ms | ActiveRecord: 0.2ms)
I, [2015-12-07T02:01:06.188967 #22825]  INFO -- : Completed 200 OK in 19ms (Views: 0.4ms | ActiveRecord: 4.7ms)
I, [2015-12-07T02:01:06.240956 #22805]  INFO -- : Started GET "/movies/22" for 10.0.2.2 at 2015-12-07 02:01:06 +0000
I, [2015-12-07T02:01:06.242384 #22805]  INFO -- : Processing by MoviesController#show as HTML
I, [2015-12-07T02:01:06.242723 #22805]  INFO -- :   Parameters: {"movieID"=>"22"}
D, [2015-12-07T02:01:06.244138 #22805] DEBUG -- :   [1m[35mMovies Load (0.3ms)[0m  SELECT  "movies".* FROM "movies" WHERE "movies"."movieid" = $1 LIMIT 1  [["movieid", 22]]
I, [2015-12-07T02:01:06.245758 #22805]  INFO -- :   Rendered movies/show.html.erb within layouts/application (0.6ms)
I, [2015-12-07T02:01:06.246782 #22805]  INFO -- : Completed 200 OK in 4ms (Views: 1.9ms | ActiveRecord: 0.3ms)
I, [2015-12-07T02:01:06.291580 #22805]  INFO -- : Started GET "/movies/22" for 10.0.2.2 at 2015-12-07 02:01:06 +0000
I, [2015-12-07T02:01:06.292888 #22805]  INFO -- : Processing by MoviesController#show as HTML
I, [2015-12-07T02:01:06.293190 #22805]  INFO -- :   Parameters: {"movieID"=>"22"}
D, [2015-12-07T02:01:06.295168 #22805] DEBUG -- :   [1m[36mMovies Load (0.5ms)[0m  [1mSELECT  "movies".* FROM "movies" WHERE "movies"."movieid" = $1 LIMIT 1[0m  [["movieid", 22]]
